[{"snap":{"foo":"foo"},"testName":"object snap","path":"//Users/ipg/kbyProject/helloUnitTest/test/snapShot2.test.js"}]