{"object snap":"{\"foo\":\"foo\"}","number snap":"777"}