[{"snap":"foo","testName":"string snap","path":"//Users/ipg/kbyProject/helloUnitTest/test/snapShotFailure.test.js"}]