[{"snap":666,"testName":"number snap","path":"//Users/ipg/kbyProject/helloUnitTest/test/snapshotSuccess.test.js"}]