[{"snap":{"foo":"foo"},"testName":"object snap","path":"//Users/ipg/kbyProject/helloUnitTest/test/snapshot2.test.js"},{"snap":777,"testName":"number snap test sample","path":"//Users/ipg/kbyProject/helloUnitTest/test/snapshot2.test.js"}]