[{"snap":"bar","testName":"string snap","path":"//Users/ipg/kbyProject/helloUnitTest/test/snapshotFailure.test.js"}]